
 RUN  v4.1.10 /workspace/dalph-dogfood/issue-491-20261009/task-worktrees/part-run-398-72312e65794a6d636d567a6147356c63334d694f6949774d5745784d6a4a684e4330354d4751334c546333595449744f5451784e5330334d474d3059/part-3251794f5468694f4749694c434a3059584a6e5a5851694f6e7369583352685a794936496b647064476831596b6c7a6333566c4969776961584e7a6457564f64/part-5731695a5849694f6a51354d537769623364755a5849694f694a6b5a574679624739795a486c7362334a6b49697769636d567762334e70644739796553493649/part-6d52686248426f496e3139-task-122-74312e57794a535832746e52453955597a4266535645694c434a4a5832743352453955597a426653574d345155464251/part-554a585455566a4e4763695851-attempt-0/_leaf

stderr | .scratch/readiness-boundary-diagnostic.test.ts > capstone
CANDIDATE_REVISION_DIAGNOSTIC {"subject":{"locator":"integrator-resource:r1.eyJmcmVzaG5lc3MiOiIwMWExMjRhMi02MzdjLTdiMjYtYTNjMC0zNTg5ZTMwZGRlZDkiLCJ0YXJnZXQiOiJkZWxpdmVyeS1jYXBzdG9uZS10YXJnZXQifQ:attempt:C:0:365:373:a1a1a1a1a1a1a1a1a1a1a1a1a1a1a1a1a1a1a1a1:5555555555555555555555555555555555555555:/dalph/cassettes/delivery-capstone.git:refs/heads/master","predecessor":{"acceptedResult":{"commit":"5555555555555555555555555555555555555555","evidenceManifest":{"byteLength":285,"digest":"f5cd6aebdb33544b05bb12439e253294536d08e8a6fd76f0610a95366841ff22"}},"candidateResource":"integrator-resource:r1.eyJmcmVzaG5lc3MiOiIwMWExMjRhMi02MzdjLTdiMjYtYTNjMC0zNTg5ZTMwZGRlZDkiLCJ0YXJnZXQiOiJkZWxpdmVyeS1jYXBzdG9uZS10YXJnZXQifQ:attempt:C:0:365:373:a1a1a1a1a1a1a1a1a1a1a1a1a1a1a1a1a1a1a1a1:5555555555555555555555555555555555555555:/dalph/cassettes/delivery-capstone.git:refs/heads/master","expectedTargetHead":"a1a1a1a1a1a1a1a1a1a1a1a1a1a1a1a1a1a1a1a1","integrationTarget":{"repository":"/dalph/cassettes/delivery-capstone.git","ref":"refs/heads/master"},"plannedAttempt":{"attemptId":"attempt:C:0","baseSha":"1111111111111111111111111111111111111111","branch":"refs/heads/dalph/attempt-C-0","executor":"executor:delivery-capstone","runId":"r1.eyJmcmVzaG5lc3MiOiIwMWExMjRhMi02MzdjLTdiMjYtYTNjMC0zNTg5ZTMwZGRlZDkiLCJ0YXJnZXQiOiJkZWxpdmVyeS1jYXBzdG9uZS10YXJnZXQifQ","taskId":"C","taskRevision":"tr1.eyJib2R5IjoiSW1wbGVtZW50IHRhc2sgQy4iLCJ0aXRsZSI6IkltcGxlbWVudCBDIn0","worktree":"/dalph/cassettes/delivery-capstone/attempt-C-0"},"queuedAt":362,"sessionId":"integrator-session:r1.eyJmcmVzaG5lc3MiOiIwMWExMjRhMi02MzdjLTdiMjYtYTNjMC0zNTg5ZTMwZGRlZDkiLCJ0YXJnZXQiOiJkZWxpdmVyeS1jYXBzdG9uZS10YXJnZXQifQ:attempt:C:0:365:373:a1a1a1a1a1a1a1a1a1a1a1a1a1a1a1a1a1a1a1a1:5555555555555555555555555555555555555555:/dalph/cassettes/delivery-capstone.git:refs/heads/master","startedAt":365,"targetLineageObservedAt":373}},"error":{"_tag":"AuthoredCassetteInteractionMismatch","actual":"IntegratorCandidateCleanupEvidenceRevisionReturned","expected":"PlannedAttemptExecutorPassiveLifecycleChanged","storyPosition":289}}

 × .scratch/readiness-boundary-diagnostic.test.ts > capstone 5273ms
   → 
 × .scratch/readiness-boundary-diagnostic.test.ts > cancellation 593ms
   → 

⎯⎯⎯⎯⎯⎯⎯ Failed Tests 2 ⎯⎯⎯⎯⎯⎯⎯

 FAIL  .scratch/readiness-boundary-diagnostic.test.ts > capstone
{
  _tag: 'IntegratorCandidateCleanupEvidenceReadFailure',
  detail: 'provider-private evidence revision could not be read for the exact candidate subject',
  message: '',
  stack: 'IntegratorCandidateCleanupEvidenceReadFailure: \n' +
    '    at /workspace/dalph-dogfood/issue-491-20261009/task-worktrees/part-run-398-72312e65794a6d636d567a6147356c63334d694f6949774d5745784d6a4a684e4330354d4751334c546333595449744f5451784e5330334d474d3059/part-3251794f5468694f4749694c434a3059584a6e5a5851694f6e7369583352685a794936496b647064476831596b6c7a6333566c4969776961584e7a6457564f64/part-5731695a5849694f6a51354d537769623364755a5849694f694a6b5a574679624739795a486c7362334a6b49697769636d567762334e70644739796553493649/part-6d52686248426f496e3139-task-122-74312e57794a535832746e52453955597a4266535645694c434a4a5832743352453955597a426653574d345155464251/part-554a585455566a4e4763695851-attempt-0/_leaf/packages/orchestrator/src/workflow/protocols/disposition-cleanup/loop.ts:522:19\n' +
    '    at file:///workspace/dalph-dogfood/issue-491-20261009/task-worktrees/part-run-398-72312e65794a6d636d567a6147356c63334d694f6949774d5745784d6a4a684e4330354d4751334c546333595449744f5451784e5330334d474d3059/part-3251794f5468694f4749694c434a3059584a6e5a5851694f6e7369583352685a794936496b647064476831596b6c7a6333566c4969776961584e7a6457564f64/part-5731695a5849694f6a51354d537769623364755a5849694f694a6b5a574679624739795a486c7362334a6b49697769636d567762334e70644739796553493649/part-6d52686248426f496e3139-task-122-74312e57794a535832746e52453955597a4266535645694c434a4a5832743352453955597a426653574d345155464251/part-554a585455566a4e4763695851-attempt-0/_leaf/node_modules/.pnpm/effect@4.0.0-beta.106/node_modules/effect/dist/internal/effect.js:1383:96\n' +
    '    at ~effect/Utils/internal (file:///workspace/dalph-dogfood/issue-491-20261009/task-worktrees/part-run-398-72312e65794a6d636d567a6147356c63334d694f6949774d5745784d6a4a684e4330354d4751334c546333595449744f5451784e5330334d474d3059/part-3251794f5468694f4749694c434a3059584a6e5a5851694f6e7369583352685a794936496b647064476831596b6c7a6333566c4969776961584e7a6457564f64/part-5731695a5849694f6a51354d537769623364755a5849694f694a6b5a574679624739795a486c7362334a6b49697769636d567762334e70644739796553493649/part-6d52686248426f496e3139-task-122-74312e57794a535832746e52453955597a4266535645694c434a4a5832743352453955597a426653574d345155464251/part-554a585455566a4e4763695851-attempt-0/_leaf/node_modules/.pnpm/effect@4.0.0-beta.106/node_modules/effect/dist/Utils.js:79:14)\n' +
    '    at Object.~effect/Effect/args (file:///workspace/dalph-dogfood/issue-491-20261009/task-worktrees/part-run-398-72312e65794a6d636d567a6147356c63334d694f6949774d5745784d6a4a684e4330354d4751334c546333595449744f5451784e5330334d474d3059/part-3251794f5468694f4749694c434a3059584a6e5a5851694f6e7369583352685a794936496b647064476831596b6c7a6333566c4969776961584e7a6457564f64/part-5731695a5849694f6a51354d537769623364755a5849694f694a6b5a574679624739795a486c7362334a6b49697769636d567762334e70644739796553493649/part-6d52686248426f496e3139-task-122-74312e57794a535832746e52453955597a4266535645694c434a4a5832743352453955597a426653574d345155464251/part-554a585455566a4e4763695851-attempt-0/_leaf/node_modules/.pnpm/effect@4.0.0-beta.106/node_modules/effect/dist/internal/effect.js:720:53)\n' +
    '    at Object.~effect/Effect/evaluate (file:///workspace/dalph-dogfood/issue-491-20261009/task-worktrees/part-run-398-72312e65794a6d636d567a6147356c63334d694f6949774d5745784d6a4a684e4330354d4751334c546333595449744f5451784e5330334d474d3059/part-3251794f5468694f4749694c434a3059584a6e5a5851694f6e7369583352685a794936496b647064476831596b6c7a6333566c4969776961584e7a6457564f64/part-5731695a5849694f6a51354d537769623364755a5849694f694a6b5a574679624739795a486c7362334a6b49697769636d567762334e70644739796553493649/part-6d52686248426f496e3139-task-122-74312e57794a535832746e52453955597a4266535645694c434a4a5832743352453955597a426653574d345155464251/part-554a585455566a4e4763695851-attempt-0/_leaf/node_modules/.pnpm/effect@4.0.0-beta.106/node_modules/effect/dist/internal/effect.js:681:22)\n' +
    '    at FiberImpl.runLoop (file:///workspace/dalph-dogfood/issue-491-20261009/task-worktrees/part-run-398-72312e65794a6d636d567a6147356c63334d694f6949774d5745784d6a4a684e4330354d4751334c546333595449744f5451784e5330334d474d3059/part-3251794f5468694f4749694c434a3059584a6e5a5851694f6e7369583352685a794936496b647064476831596b6c7a6333566c4969776961584e7a6457564f64/part-5731695a5849694f6a51354d537769623364755a5849694f694a6b5a574679624739795a486c7362334a6b49697769636d567762334e70644739796553493649/part-6d52686248426f496e3139-task-122-74312e57794a535832746e52453955597a4266535645694c434a4a5832743352453955597a426653574d345155464251/part-554a585455566a4e4763695851-attempt-0/_leaf/node_modules/.pnpm/effect@4.0.0-beta.106/node_modules/effect/dist/internal/effect.js:461:107)\n' +
    '    at FiberImpl.evaluate (file:///workspace/dalph-dogfood/issue-491-20261009/task-worktrees/part-run-398-72312e65794a6d636d567a6147356c63334d694f6949774d5745784d6a4a684e4330354d4751334c546333595449744f5451784e5330334d474d3059/part-3251794f5468694f4749694c434a3059584a6e5a5851694f6e7369583352685a794936496b647064476831596b6c7a6333566c4969776961584e7a6457564f64/part-5731695a5849694f6a51354d537769623364755a5849694f694a6b5a574679624739795a486c7362334a6b49697769636d567762334e70644739796553493649/part-6d52686248426f496e3139-task-122-74312e57794a535832746e52453955597a4266535645694c434a4a5832743352453955597a426653574d345155464251/part-554a585455566a4e4763695851-attempt-0/_leaf/node_modules/.pnpm/effect@4.0.0-beta.106/node_modules/effect/dist/internal/effect.js:421:23)\n' +
    '    at file:///workspace/dalph-dogfood/issue-491-20261009/task-worktrees/part-run-398-72312e65794a6d636d567a6147356c63334d694f6949774d5745784d6a4a684e4330354d4751334c546333595449744f5451784e5330334d474d3059/part-3251794f5468694f4749694c434a3059584a6e5a5851694f6e7369583352685a794936496b647064476831596b6c7a6333566c4969776961584e7a6457564f64/part-5731695a5849694f6a51354d537769623364755a5849694f694a6b5a574679624739795a486c7362334a6b49697769636d567762334e70644739796553493649/part-6d52686248426f496e3139-task-122-74312e57794a535832746e52453955597a4266535645694c434a4a5832743352453955597a426653574d345155464251/part-554a585455566a4e4763695851-attempt-0/_leaf/node_modules/.pnpm/effect@4.0.0-beta.106/node_modules/effect/dist/internal/effect.js:780:15\n' +
    '    at releaseTakers (file:///workspace/dalph-dogfood/issue-491-20261009/task-worktrees/part-run-398-72312e65794a6d636d567a6147356c63334d694f6949774d5745784d6a4a684e4330354d4751334c546333595449744f5451784e5330334d474d3059/part-3251794f5468694f4749694c434a3059584a6e5a5851694f6e7369583352685a794936496b647064476831596b6c7a6333566c4969776961584e7a6457564f64/part-5731695a5849694f6a51354d537769623364755a5849694f694a6b5a574679624739795a486c7362334a6b49697769636d567762334e70644739796553493649/part-6d52686248426f496e3139-task-122-74312e57794a535832746e52453955597a4266535645694c434a4a5832743352453955597a426653574d345155464251/part-554a585455566a4e4763695851-attempt-0/_leaf/node_modules/.pnpm/effect@4.0.0-beta.106/node_modules/effect/dist/Queue.js:1481:5)\n' +
    '    at Array.<anonymous> (file:///workspace/dalph-dogfood/issue-491-20261009/task-worktrees/part-run-398-72312e65794a6d636d567a6147356c63334d694f6949774d5745784d6a4a684e4330354d4751334c546333595449744f5451784e5330334d474d3059/part-3251794f5468694f4749694c434a3059584a6e5a5851694f6e7369583352685a794936496b647064476831596b6c7a6333566c4969776961584e7a6457564f64/part-5731695a5849694f6a51354d537769623364755a5849694f694a6b5a574679624739795a486c7362334a6b49697769636d567762334e70644739796553493649/part-6d52686248426f496e3139-task-122-74312e57794a535832746e52453955597a4266535645694c434a4a5832743352453955597a426653574d345155464251/part-554a585455566a4e4763695851-attempt-0/_leaf/node_modules/.pnpm/effect@4.0.0-beta.106/node_modules/effect/dist/Queue.js:1492:38)',
  name: 'IntegratorCandidateCleanupEvidenceReadFailure',
  stacks: [
    {
      method: '',
      file: '/workspace/dalph-dogfood/issue-491-20261009/task-worktrees/part-run-398-72312e65794a6d636d567a6147356c63334d694f6949774d5745784d6a4a684e4330354d4751334c546333595449744f5451784e5330334d474d3059/part-3251794f5468694f4749694c434a3059584a6e5a5851694f6e7369583352685a794936496b647064476831596b6c7a6333566c4969776961584e7a6457564f64/part-5731695a5849694f6a51354d537769623364755a5849694f694a6b5a574679624739795a486c7362334a6b49697769636d567762334e70644739796553493649/part-6d52686248426f496e3139-task-122-74312e57794a535832746e52453955597a4266535645694c434a4a5832743352453955597a426653574d345155464251/part-554a585455566a4e4763695851-attempt-0/_leaf/packages/orchestrator/src/workflow/protocols/disposition-cleanup/loop.ts',
      line: 522,
      column: 19
    },
    {
      line: 3266,
      column: 72,
      file: '/workspace/dalph-dogfood/issue-491-20261009/task-worktrees/part-run-398-72312e65794a6d636d567a6147356c63334d694f6949774d5745784d6a4a684e4330354d4751334c546333595449744f5451784e5330334d474d3059/part-3251794f5468694f4749694c434a3059584a6e5a5851694f6e7369583352685a794936496b647064476831596b6c7a6333566c4969776961584e7a6457564f64/part-5731695a5849694f6a51354d537769623364755a5849694f694a6b5a574679624739795a486c7362334a6b49697769636d567762334e70644739796553493649/part-6d52686248426f496e3139-task-122-74312e57794a535832746e52453955597a4266535645694c434a4a5832743352453955597a426653574d345155464251/part-554a585455566a4e4763695851-attempt-0/_leaf/node_modules/.pnpm/effect@4.0.0-beta.106/node_modules/effect/src/internal/effect.ts',
      method: ''
    },
    {
      line: 208,
      column: 13,
      file: '/workspace/dalph-dogfood/issue-491-20261009/task-worktrees/part-run-398-72312e65794a6d636d567a6147356c63334d694f6949774d5745784d6a4a684e4330354d4751334c546333595449744f5451784e5330334d474d3059/part-3251794f5468694f4749694c434a3059584a6e5a5851694f6e7369583352685a794936496b647064476831596b6c7a6333566c4969776961584e7a6457564f64/part-5731695a5849694f6a51354d537769623364755a5849694f694a6b5a574679624739795a486c7362334a6b49697769636d567762334e70644739796553493649/part-6d52686248426f496e3139-task-122-74312e57794a535832746e52453955597a4266535645694c434a4a5832743352453955597a426653574d345155464251/part-554a585455566a4e4763695851-attempt-0/_leaf/node_modules/.pnpm/effect@4.0.0-beta.106/node_modules/effect/src/Utils.ts',
      method: '~effect/Utils/internal'
    },
    {
      line: 1011,
      column: 94,
      file: '/workspace/dalph-dogfood/issue-491-20261009/task-worktrees/part-run-398-72312e65794a6d636d567a6147356c63334d694f6949774d5745784d6a4a684e4330354d4751334c546333595449744f5451784e5330334d474d3059/part-3251794f5468694f4749694c434a3059584a6e5a5851694f6e7369583352685a794936496b647064476831596b6c7a6333566c4969776961584e7a6457564f64/part-5731695a5849694f6a51354d537769623364755a5849694f694a6b5a574679624739795a486c7362334a6b49697769636d567762334e70644739796553493649/part-6d52686248426f496e3139-task-122-74312e57794a535832746e52453955597a4266535645694c434a4a5832743352453955597a426653574d345155464251/part-554a585455566a4e4763695851-attempt-0/_leaf/node_modules/.pnpm/effect@4.0.0-beta.106/node_modules/effect/src/internal/effect.ts',
      method: 'Object.~effect/Effect/args'
    },
    {
      line: 943,
      column: 21,
      file: '/workspace/dalph-dogfood/issue-491-20261009/task-worktrees/part-run-398-72312e65794a6d636d567a6147356c63334d694f6949774d5745784d6a4a684e4330354d4751334c546333595449744f5451784e5330334d474d3059/part-3251794f5468694f4749694c434a3059584a6e5a5851694f6e7369583352685a794936496b647064476831596b6c7a6333566c4969776961584e7a6457564f64/part-5731695a5849694f6a51354d537769623364755a5849694f694a6b5a574679624739795a486c7362334a6b49697769636d567762334e70644739796553493649/part-6d52686248426f496e3139-task-122-74312e57794a535832746e52453955597a4266535645694c434a4a5832743352453955597a426653574d345155464251/part-554a585455566a4e4763695851-attempt-0/_leaf/node_modules/.pnpm/effect@4.0.0-beta.106/node_modules/effect/src/internal/effect.ts',
      method: 'Object.~effect/Effect/evaluate'
    },
    {
      line: 654,
      column: 39,
      file: '/workspace/dalph-dogfood/issue-491-20261009/task-worktrees/part-run-398-72312e65794a6d636d567a6147356c63334d694f6949774d5745784d6a4a684e4330354d4751334c546333595449744f5451784e5330334d474d3059/part-3251794f5468694f4749694c434a3059584a6e5a5851694f6e7369583352685a794936496b647064476831596b6c7a6333566c4969776961584e7a6457564f64/part-5731695a5849694f6a51354d537769623364755a5849694f694a6b5a574679624739795a486c7362334a6b49697769636d567762334e70644739796553493649/part-6d52686248426f496e3139-task-122-74312e57794a535832746e52453955597a4266535645694c434a4a5832743352453955597a426653574d345155464251/part-554a585455566a4e4763695851-attempt-0/_leaf/node_modules/.pnpm/effect@4.0.0-beta.106/node_modules/effect/src/internal/effect.ts',
      method: 'FiberImpl.runLoop'
    },
    {
      line: 606,
      column: 22,
      file: '/workspace/dalph-dogfood/issue-491-20261009/task-worktrees/part-run-398-72312e65794a6d636d567a6147356c63334d694f6949774d5745784d6a4a684e4330354d4751334c546333595449744f5451784e5330334d474d3059/part-3251794f5468694f4749694c434a3059584a6e5a5851694f6e7369583352685a794936496b647064476831596b6c7a6333566c4969776961584e7a6457564f64/part-5731695a5849694f6a51354d537769623364755a5849694f694a6b5a574679624739795a486c7362334a6b49697769636d567762334e70644739796553493649/part-6d52686248426f496e3139-task-122-74312e57794a535832746e52453955597a4266535645694c434a4a5832743352453955597a426653574d345155464251/part-554a585455566a4e4763695851-attempt-0/_leaf/node_modules/.pnpm/effect@4.0.0-beta.106/node_modules/effect/src/internal/effect.ts',
      method: 'FiberImpl.evaluate'
    },
    {
      line: 1111,
      column: 14,
      file: '/workspace/dalph-dogfood/issue-491-20261009/task-worktrees/part-run-398-72312e65794a6d636d567a6147356c63334d694f6949774d5745784d6a4a684e4330354d4751334c546333595449744f5451784e5330334d474d3059/part-3251794f5468694f4749694c434a3059584a6e5a5851694f6e7369583352685a794936496b647064476831596b6c7a6333566c4969776961584e7a6457564f64/part-5731695a5849694f6a51354d537769623364755a5849694f694a6b5a574679624739795a486c7362334a6b49697769636d567762334e70644739796553493649/part-6d52686248426f496e3139-task-122-74312e57794a535832746e52453955597a4266535645694c434a4a5832743352453955597a426653574d345155464251/part-554a585455566a4e4763695851-attempt-0/_leaf/node_modules/.pnpm/effect@4.0.0-beta.106/node_modules/effect/src/internal/effect.ts',
      method: ''
    },
    {
      line: 1964,
      column: 4,
      file: '/workspace/dalph-dogfood/issue-491-20261009/task-worktrees/part-run-398-72312e65794a6d636d567a6147356c63334d694f6949774d5745784d6a4a684e4330354d4751334c546333595449744f5451784e5330334d474d3059/part-3251794f5468694f4749694c434a3059584a6e5a5851694f6e7369583352685a794936496b647064476831596b6c7a6333566c4969776961584e7a6457564f64/part-5731695a5849694f6a51354d537769623364755a5849694f694a6b5a574679624739795a486c7362334a6b49697769636d567762334e70644739796553493649/part-6d52686248426f496e3139-task-122-74312e57794a535832746e52453955597a4266535645694c434a4a5832743352453955597a426653574d345155464251/part-554a585455566a4e4763695851-attempt-0/_leaf/node_modules/.pnpm/effect@4.0.0-beta.106/node_modules/effect/src/Queue.ts',
      method: 'releaseTakers'
    },
    {
      line: 1976,
      column: 37,
      file: '/workspace/dalph-dogfood/issue-491-20261009/task-worktrees/part-run-398-72312e65794a6d636d567a6147356c63334d694f6949774d5745784d6a4a684e4330354d4751334c546333595449744f5451784e5330334d474d3059/part-3251794f5468694f4749694c434a3059584a6e5a5851694f6e7369583352685a794936496b647064476831596b6c7a6333566c4969776961584e7a6457564f64/part-5731695a5849694f6a51354d537769623364755a5849694f694a6b5a574679624739795a486c7362334a6b49697769636d567762334e70644739796553493649/part-6d52686248426f496e3139-task-122-74312e57794a535832746e52453955597a4266535645694c434a4a5832743352453955597a426653574d345155464251/part-554a585455566a4e4763695851-attempt-0/_leaf/node_modules/.pnpm/effect@4.0.0-beta.106/node_modules/effect/src/Queue.ts',
      method: 'Array.<anonymous>'
    }
  ]
}
 ❯ packages/orchestrator/src/workflow/protocols/disposition-cleanup/loop.ts:522:19
    520|               Effect.mapError(
    521|                 () =>
    522|                   new IntegratorCandidateCleanupEvidenceReadFailure({
       |                   ^
    523|                     detail: "provider-private evidence revision could …
    524|                   })
 ❯ node_modules/.pnpm/effect@4.0.0-beta.106/node_modules/effect/src/internal/effect.ts:3266:72
 ❯ ~effect/Utils/internal node_modules/.pnpm/effect@4.0.0-beta.106/node_modules/effect/src/Utils.ts:208:13
 ❯ Object.~effect/Effect/args node_modules/.pnpm/effect@4.0.0-beta.106/node_modules/effect/src/internal/effect.ts:1011:94
 ❯ Object.~effect/Effect/evaluate node_modules/.pnpm/effect@4.0.0-beta.106/node_modules/effect/src/internal/effect.ts:943:21
 ❯ FiberImpl.runLoop node_modules/.pnpm/effect@4.0.0-beta.106/node_modules/effect/src/internal/effect.ts:654:39
 ❯ FiberImpl.evaluate node_modules/.pnpm/effect@4.0.0-beta.106/node_modules/effect/src/internal/effect.ts:606:22
 ❯ node_modules/.pnpm/effect@4.0.0-beta.106/node_modules/effect/src/internal/effect.ts:1111:14
 ❯ releaseTakers node_modules/.pnpm/effect@4.0.0-beta.106/node_modules/effect/src/Queue.ts:1964:4
 ❯ Array.<anonymous> node_modules/.pnpm/effect@4.0.0-beta.106/node_modules/effect/src/Queue.ts:1976:37

⎯⎯⎯⎯⎯⎯⎯⎯⎯⎯⎯⎯⎯⎯⎯⎯⎯⎯⎯⎯⎯⎯⎯⎯⎯⎯⎯⎯⎯⎯
Serialized Error: { _tag: 'IntegratorCandidateCleanupEvidenceReadFailure', detail: 'provider-private evidence revision could not be read for the exact candidate subject' }
⎯⎯⎯⎯⎯⎯⎯⎯⎯⎯⎯⎯⎯⎯⎯⎯⎯⎯⎯⎯⎯⎯⎯⎯[1/2]⎯

 FAIL  .scratch/readiness-boundary-diagnostic.test.ts > cancellation
{
  _tag: 'AuthoredCassetteInteractionMismatch',
  actual: 'CoordinatorActivationReturned',
  expected: 'OperatorAppliesRunCancellation',
  storyPosition: 49,
  diff: 'Expected: "OperatorAppliesRunCancellation"\n' +
    'Received: "CoordinatorActivationReturned"',
  message: '',
  stack: 'AuthoredCassetteInteractionMismatch: \n' +
    '    at Array.<anonymous> (/workspace/dalph-dogfood/issue-491-20261009/task-worktrees/part-run-398-72312e65794a6d636d567a6147356c63334d694f6949774d5745784d6a4a684e4330354d4751334c546333595449744f5451784e5330334d474d3059/part-3251794f5468694f4749694c434a3059584a6e5a5851694f6e7369583352685a794936496b647064476831596b6c7a6333566c4969776961584e7a6457564f64/part-5731695a5849694f6a51354d537769623364755a5849694f694a6b5a574679624739795a486c7362334a6b49697769636d567762334e70644739796553493649/part-6d52686248426f496e3139-task-122-74312e57794a535832746e52453955597a4266535645694c434a4a5832743352453955597a426653574d345155464251/part-554a585455566a4e4763695851-attempt-0/_leaf/packages/dalph/src/cassettes/authored-cursor.ts:1295:23)\n' +
    '    at Generator.next (<anonymous>)\n' +
    '    at Object.~effect/Effect/successCont (file:///workspace/dalph-dogfood/issue-491-20261009/task-worktrees/part-run-398-72312e65794a6d636d567a6147356c63334d694f6949774d5745784d6a4a684e4330354d4751334c546333595449744f5451784e5330334d474d3059/part-3251794f5468694f4749694c434a3059584a6e5a5851694f6e7369583352685a794936496b647064476831596b6c7a6333566c4969776961584e7a6457564f64/part-5731695a5849694f6a51354d537769623364755a5849694f694a6b5a574679624739795a486c7362334a6b49697769636d567762334e70644739796553493649/part-6d52686248426f496e3139-task-122-74312e57794a535832746e52453955597a4266535645694c434a4a5832743352453955597a426653574d345155464251/part-554a585455566a4e4763695851-attempt-0/_leaf/node_modules/.pnpm/effect@4.0.0-beta.106/node_modules/effect/dist/internal/effect.js:927:26)\n' +
    '    at Object.~effect/Effect/evaluate (file:///workspace/dalph-dogfood/issue-491-20261009/task-worktrees/part-run-398-72312e65794a6d636d567a6147356c63334d694f6949774d5745784d6a4a684e4330354d4751334c546333595449744f5451784e5330334d474d3059/part-3251794f5468694f4749694c434a3059584a6e5a5851694f6e7369583352685a794936496b647064476831596b6c7a6333566c4969776961584e7a6457564f64/part-5731695a5849694f6a51354d537769623364755a5849694f694a6b5a574679624739795a486c7362334a6b49697769636d567762334e70644739796553493649/part-6d52686248426f496e3139-task-122-74312e57794a535832746e52453955597a4266535645694c434a4a5832743352453955597a426653574d345155464251/part-554a585455566a4e4763695851-attempt-0/_leaf/node_modules/.pnpm/effect@4.0.0-beta.106/node_modules/effect/dist/internal/core.js:297:30)\n' +
    '    at FiberImpl.runLoop (file:///workspace/dalph-dogfood/issue-491-20261009/task-worktrees/part-run-398-72312e65794a6d636d567a6147356c63334d694f6949774d5745784d6a4a684e4330354d4751334c546333595449744f5451784e5330334d474d3059/part-3251794f5468694f4749694c434a3059584a6e5a5851694f6e7369583352685a794936496b647064476831596b6c7a6333566c4969776961584e7a6457564f64/part-5731695a5849694f6a51354d537769623364755a5849694f694a6b5a574679624739795a486c7362334a6b49697769636d567762334e70644739796553493649/part-6d52686248426f496e3139-task-122-74312e57794a535832746e52453955597a4266535645694c434a4a5832743352453955597a426653574d345155464251/part-554a585455566a4e4763695851-attempt-0/_leaf/node_modules/.pnpm/effect@4.0.0-beta.106/node_modules/effect/dist/internal/effect.js:461:107)\n' +
    '    at FiberImpl.evaluate (file:///workspace/dalph-dogfood/issue-491-20261009/task-worktrees/part-run-398-72312e65794a6d636d567a6147356c63334d694f6949774d5745784d6a4a684e4330354d4751334c546333595449744f5451784e5330334d474d3059/part-3251794f5468694f4749694c434a3059584a6e5a5851694f6e7369583352685a794936496b647064476831596b6c7a6333566c4969776961584e7a6457564f64/part-5731695a5849694f6a51354d537769623364755a5849694f694a6b5a574679624739795a486c7362334a6b49697769636d567762334e70644739796553493649/part-6d52686248426f496e3139-task-122-74312e57794a535832746e52453955597a4266535645694c434a4a5832743352453955597a426653574d345155464251/part-554a585455566a4e4763695851-attempt-0/_leaf/node_modules/.pnpm/effect@4.0.0-beta.106/node_modules/effect/dist/internal/effect.js:421:23)\n' +
    '    at file:///workspace/dalph-dogfood/issue-491-20261009/task-worktrees/part-run-398-72312e65794a6d636d567a6147356c63334d694f6949774d5745784d6a4a684e4330354d4751334c546333595449744f5451784e5330334d474d3059/part-3251794f5468694f4749694c434a3059584a6e5a5851694f6e7369583352685a794936496b647064476831596b6c7a6333566c4969776961584e7a6457564f64/part-5731695a5849694f6a51354d537769623364755a5849694f694a6b5a574679624739795a486c7362334a6b49697769636d567762334e70644739796553493649/part-6d52686248426f496e3139-task-122-74312e57794a535832746e52453955597a4266535645694c434a4a5832743352453955597a426653574d345155464251/part-554a585455566a4e4763695851-attempt-0/_leaf/node_modules/.pnpm/effect@4.0.0-beta.106/node_modules/effect/dist/internal/effect.js:780:15\n' +
    '    at Array.<anonymous> (file:///workspace/dalph-dogfood/issue-491-20261009/task-worktrees/part-run-398-72312e65794a6d636d567a6147356c63334d694f6949774d5745784d6a4a684e4330354d4751334c546333595449744f5451784e5330334d474d3059/part-3251794f5468694f4749694c434a3059584a6e5a5851694f6e7369583352685a794936496b647064476831596b6c7a6333566c4969776961584e7a6457564f64/part-5731695a5849694f6a51354d537769623364755a5849694f694a6b5a574679624739795a486c7362334a6b49697769636d567762334e70644739796553493649/part-6d52686248426f496e3139-task-122-74312e57794a535832746e52453955597a4266535645694c434a4a5832743352453955597a426653574d345155464251/part-554a585455566a4e4763695851-attempt-0/_leaf/node_modules/.pnpm/effect@4.0.0-beta.106/node_modules/effect/dist/internal/effect.js:569:42)\n' +
    '    at FiberImpl.evaluate (file:///workspace/dalph-dogfood/issue-491-20261009/task-worktrees/part-run-398-72312e65794a6d636d567a6147356c63334d694f6949774d5745784d6a4a684e4330354d4751334c546333595449744f5451784e5330334d474d3059/part-3251794f5468694f4749694c434a3059584a6e5a5851694f6e7369583352685a794936496b647064476831596b6c7a6333566c4969776961584e7a6457564f64/part-5731695a5849694f6a51354d537769623364755a5849694f694a6b5a574679624739795a486c7362334a6b49697769636d567762334e70644739796553493649/part-6d52686248426f496e3139-task-122-74312e57794a535832746e52453955597a4266535645694c434a4a5832743352453955597a426653574d345155464251/part-554a585455566a4e4763695851-attempt-0/_leaf/node_modules/.pnpm/effect@4.0.0-beta.106/node_modules/effect/dist/internal/effect.js:434:25)\n' +
    '    at file:///workspace/dalph-dogfood/issue-491-20261009/task-worktrees/part-run-398-72312e65794a6d636d567a6147356c63334d694f6949774d5745784d6a4a684e4330354d4751334c546333595449744f5451784e5330334d474d3059/part-3251794f5468694f4749694c434a3059584a6e5a5851694f6e7369583352685a794936496b647064476831596b6c7a6333566c4969776961584e7a6457564f64/part-5731695a5849694f6a51354d537769623364755a5849694f694a6b5a574679624739795a486c7362334a6b49697769636d567762334e70644739796553493649/part-6d52686248426f496e3139-task-122-74312e57794a535832746e52453955597a4266535645694c434a4a5832743352453955597a426653574d345155464251/part-554a585455566a4e4763695851-attempt-0/_leaf/node_modules/.pnpm/effect@4.0.0-beta.106/node_modules/effect/dist/internal/effect.js:780:15',
  name: 'AuthoredCassetteInteractionMismatch',
  stacks: [
    {
      method: 'Array.<anonymous>',
      file: '/workspace/dalph-dogfood/issue-491-20261009/task-worktrees/part-run-398-72312e65794a6d636d567a6147356c63334d694f6949774d5745784d6a4a684e4330354d4751334c546333595449744f5451784e5330334d474d3059/part-3251794f5468694f4749694c434a3059584a6e5a5851694f6e7369583352685a794936496b647064476831596b6c7a6333566c4969776961584e7a6457564f64/part-5731695a5849694f6a51354d537769623364755a5849694f694a6b5a574679624739795a486c7362334a6b49697769636d567762334e70644739796553493649/part-6d52686248426f496e3139-task-122-74312e57794a535832746e52453955597a4266535645694c434a4a5832743352453955597a426653574d345155464251/part-554a585455566a4e4763695851-attempt-0/_leaf/packages/dalph/src/cassettes/authored-cursor.ts',
      line: 1295,
      column: 23
    },
    {
      line: 1355,
      column: 25,
      file: '/workspace/dalph-dogfood/issue-491-20261009/task-worktrees/part-run-398-72312e65794a6d636d567a6147356c63334d694f6949774d5745784d6a4a684e4330354d4751334c546333595449744f5451784e5330334d474d3059/part-3251794f5468694f4749694c434a3059584a6e5a5851694f6e7369583352685a794936496b647064476831596b6c7a6333566c4969776961584e7a6457564f64/part-5731695a5849694f6a51354d537769623364755a5849694f694a6b5a574679624739795a486c7362334a6b49697769636d567762334e70644739796553493649/part-6d52686248426f496e3139-task-122-74312e57794a535832746e52453955597a4266535645694c434a4a5832743352453955597a426653574d345155464251/part-554a585455566a4e4763695851-attempt-0/_leaf/node_modules/.pnpm/effect@4.0.0-beta.106/node_modules/effect/src/internal/effect.ts',
      method: 'Object.~effect/Effect/successCont'
    },
    {
      line: 514,
      column: 30,
      file: '/workspace/dalph-dogfood/issue-491-20261009/task-worktrees/part-run-398-72312e65794a6d636d567a6147356c63334d694f6949774d5745784d6a4a684e4330354d4751334c546333595449744f5451784e5330334d474d3059/part-3251794f5468694f4749694c434a3059584a6e5a5851694f6e7369583352685a794936496b647064476831596b6c7a6333566c4969776961584e7a6457564f64/part-5731695a5849694f6a51354d537769623364755a5849694f694a6b5a574679624739795a486c7362334a6b49697769636d567762334e70644739796553493649/part-6d52686248426f496e3139-task-122-74312e57794a535832746e52453955597a4266535645694c434a4a5832743352453955597a426653574d345155464251/part-554a585455566a4e4763695851-attempt-0/_leaf/node_modules/.pnpm/effect@4.0.0-beta.106/node_modules/effect/src/internal/core.ts',
      method: 'Object.~effect/Effect/evaluate'
    },
    {
      line: 654,
      column: 39,
      file: '/workspace/dalph-dogfood/issue-491-20261009/task-worktrees/part-run-398-72312e65794a6d636d567a6147356c63334d694f6949774d5745784d6a4a684e4330354d4751334c546333595449744f5451784e5330334d474d3059/part-3251794f5468694f4749694c434a3059584a6e5a5851694f6e7369583352685a794936496b647064476831596b6c7a6333566c4969776961584e7a6457564f64/part-5731695a5849694f6a51354d537769623364755a5849694f694a6b5a574679624739795a486c7362334a6b49697769636d567762334e70644739796553493649/part-6d52686248426f496e3139-task-122-74312e57794a535832746e52453955597a4266535645694c434a4a5832743352453955597a426653574d345155464251/part-554a585455566a4e4763695851-attempt-0/_leaf/node_modules/.pnpm/effect@4.0.0-beta.106/node_modules/effect/src/internal/effect.ts',
      method: 'FiberImpl.runLoop'
    },
    {
      line: 606,
      column: 22,
      file: '/workspace/dalph-dogfood/issue-491-20261009/task-worktrees/part-run-398-72312e65794a6d636d567a6147356c63334d694f6949774d5745784d6a4a684e4330354d4751334c546333595449744f5451784e5330334d474d3059/part-3251794f5468694f4749694c434a3059584a6e5a5851694f6e7369583352685a794936496b647064476831596b6c7a6333566c4969776961584e7a6457564f64/part-5731695a5849694f6a51354d537769623364755a5849694f694a6b5a574679624739795a486c7362334a6b49697769636d567762334e70644739796553493649/part-6d52686248426f496e3139-task-122-74312e57794a535832746e52453955597a4266535645694c434a4a5832743352453955597a426653574d345155464251/part-554a585455566a4e4763695851-attempt-0/_leaf/node_modules/.pnpm/effect@4.0.0-beta.106/node_modules/effect/src/internal/effect.ts',
      method: 'FiberImpl.evaluate'
    },
    {
      line: 1111,
      column: 14,
      file: '/workspace/dalph-dogfood/issue-491-20261009/task-worktrees/part-run-398-72312e65794a6d636d567a6147356c63334d694f6949774d5745784d6a4a684e4330354d4751334c546333595449744f5451784e5330334d474d3059/part-3251794f5468694f4749694c434a3059584a6e5a5851694f6e7369583352685a794936496b647064476831596b6c7a6333566c4969776961584e7a6457564f64/part-5731695a5849694f6a51354d537769623364755a5849694f694a6b5a574679624739795a486c7362334a6b49697769636d567762334e70644739796553493649/part-6d52686248426f496e3139-task-122-74312e57794a535832746e52453955597a4266535645694c434a4a5832743352453955597a426653574d345155464251/part-554a585455566a4e4763695851-attempt-0/_leaf/node_modules/.pnpm/effect@4.0.0-beta.106/node_modules/effect/src/internal/effect.ts',
      method: ''
    },
    {
      line: 773,
      column: 43,
      file: '/workspace/dalph-dogfood/issue-491-20261009/task-worktrees/part-run-398-72312e65794a6d636d567a6147356c63334d694f6949774d5745784d6a4a684e4330354d4751334c546333595449744f5451784e5330334d474d3059/part-3251794f5468694f4749694c434a3059584a6e5a5851694f6e7369583352685a794936496b647064476831596b6c7a6333566c4969776961584e7a6457564f64/part-5731695a5849694f6a51354d537769623364755a5849694f694a6b5a574679624739795a486c7362334a6b49697769636d567762334e70644739796553493649/part-6d52686248426f496e3139-task-122-74312e57794a535832746e52453955597a4266535645694c434a4a5832743352453955597a426653574d345155464251/part-554a585455566a4e4763695851-attempt-0/_leaf/node_modules/.pnpm/effect@4.0.0-beta.106/node_modules/effect/src/internal/effect.ts',
      method: 'Array.<anonymous>'
    },
    {
      line: 621,
      column: 25,
      file: '/workspace/dalph-dogfood/issue-491-20261009/task-worktrees/part-run-398-72312e65794a6d636d567a6147356c63334d694f6949774d5745784d6a4a684e4330354d4751334c546333595449744f5451784e5330334d474d3059/part-3251794f5468694f4749694c434a3059584a6e5a5851694f6e7369583352685a794936496b647064476831596b6c7a6333566c4969776961584e7a6457564f64/part-5731695a5849694f6a51354d537769623364755a5849694f694a6b5a574679624739795a486c7362334a6b49697769636d567762334e70644739796553493649/part-6d52686248426f496e3139-task-122-74312e57794a535832746e52453955597a4266535645694c434a4a5832743352453955597a426653574d345155464251/part-554a585455566a4e4763695851-attempt-0/_leaf/node_modules/.pnpm/effect@4.0.0-beta.106/node_modules/effect/src/internal/effect.ts',
      method: 'FiberImpl.evaluate'
    },
    {
      line: 1111,
      column: 14,
      file: '/workspace/dalph-dogfood/issue-491-20261009/task-worktrees/part-run-398-72312e65794a6d636d567a6147356c63334d694f6949774d5745784d6a4a684e4330354d4751334c546333595449744f5451784e5330334d474d3059/part-3251794f5468694f4749694c434a3059584a6e5a5851694f6e7369583352685a794936496b647064476831596b6c7a6333566c4969776961584e7a6457564f64/part-5731695a5849694f6a51354d537769623364755a5849694f694a6b5a574679624739795a486c7362334a6b49697769636d567762334e70644739796553493649/part-6d52686248426f496e3139-task-122-74312e57794a535832746e52453955597a4266535645694c434a4a5832743352453955597a426653574d345155464251/part-554a585455566a4e4763695851-attempt-0/_leaf/node_modules/.pnpm/effect@4.0.0-beta.106/node_modules/effect/src/internal/effect.ts',
      method: ''
    }
  ]
}

Expected: "OperatorAppliesRunCancellation"
Received: "CoordinatorActivationReturned"

 ❯ Array.<anonymous> packages/dalph/src/cassettes/authored-cursor.ts:1295:23
    1293|       const claimed = yield* claimNext((item): item is StoryItem => it…
    1294|       if (claimed._tag === "Mismatch") {
    1295|         return yield* new AuthoredCassetteInteractionMismatch({
       |                       ^
    1296|           actual: tag,
    1297|           /* v8 ignore next -- The terminal assertion item keeps a dec…
 ❯ Object.~effect/Effect/successCont node_modules/.pnpm/effect@4.0.0-beta.106/node_modules/effect/src/internal/effect.ts:1355:25
 ❯ Object.~effect/Effect/evaluate node_modules/.pnpm/effect@4.0.0-beta.106/node_modules/effect/src/internal/core.ts:514:30
 ❯ FiberImpl.runLoop node_modules/.pnpm/effect@4.0.0-beta.106/node_modules/effect/src/internal/effect.ts:654:39
 ❯ FiberImpl.evaluate node_modules/.pnpm/effect@4.0.0-beta.106/node_modules/effect/src/internal/effect.ts:606:22
 ❯ node_modules/.pnpm/effect@4.0.0-beta.106/node_modules/effect/src/internal/effect.ts:1111:14
 ❯ Array.<anonymous> node_modules/.pnpm/effect@4.0.0-beta.106/node_modules/effect/src/internal/effect.ts:773:43
 ❯ FiberImpl.evaluate node_modules/.pnpm/effect@4.0.0-beta.106/node_modules/effect/src/internal/effect.ts:621:25
 ❯ node_modules/.pnpm/effect@4.0.0-beta.106/node_modules/effect/src/internal/effect.ts:1111:14

⎯⎯⎯⎯⎯⎯⎯⎯⎯⎯⎯⎯⎯⎯⎯⎯⎯⎯⎯⎯⎯⎯⎯⎯⎯⎯⎯⎯⎯⎯
Serialized Error: { _tag: 'AuthoredCassetteInteractionMismatch', storyPosition: 49 }
⎯⎯⎯⎯⎯⎯⎯⎯⎯⎯⎯⎯⎯⎯⎯⎯⎯⎯⎯⎯⎯⎯⎯⎯[2/2]⎯


 Test Files  1 failed (1)
      Tests  2 failed (2)
   Start at  03:06:20
   Duration  10.08s (transform 2.96s, setup 0ms, import 4.10s, tests 5.87s, environment 0ms)

JSON report written to /tmp/issue-501-qualification/boundary-diagnostic-tests.json
