
 RUN  v4.1.10 /workspace/dalph-dogfood/issue-491-20261009/task-worktrees/part-run-398-72312e65794a6d636d567a6147356c63334d694f6949774d5745784d6a4a684e4330354d4751334c546333595449744f5451784e5330334d474d3059/part-3251794f5468694f4749694c434a3059584a6e5a5851694f6e7369583352685a794936496b647064476831596b6c7a6333566c4969776961584e7a6457564f64/part-5731695a5849694f6a51354d537769623364755a5849694f694a6b5a574679624739795a486c7362334a6b49697769636d567762334e70644739796553493649/part-6d52686248426f496e3139-task-122-74312e57794a535832746e52453955597a4266535645694c434a4a5832743352453955597a426653574d345155464251/part-554a585455566a4e4763695851-attempt-0/_leaf

 ✓ |ordinary| packages/dalph/test/cassettes/capstone.execution.test.ts > maintained delivery capstone proves the #413 publication and integration interval through DS17 12080ms
 ↓ |ordinary| packages/dalph/test/cassettes/capstone.execution.test.ts > maintained deliveryInvariantStoryCapstone executes all 22 beats in one exact Run
 ↓ |ordinary| packages/dalph/test/cassettes/capstone.execution.test.ts > completes the uninterrupted seven-task run after reconciling A FullRerun predecessor cleanup
 ↓ |ordinary| packages/dalph/test/cassettes/capstone.execution.test.ts > replays the maintained capstone with the same exact chronology
 ✓ |ordinary| packages/dalph/test/cassettes/scenario.test.ts > renders every maintained authored cassette from its structured story 7ms
 ✓ |ordinary| packages/dalph/test/cassettes/scenario.test.ts > preserves exact, conflicting, and unclaimed authored acquisition observations 7ms
 ✓ |ordinary| packages/dalph/test/cassettes/scenario.test.ts > fails closed at cursor and executor-projection boundaries 8ms
 ✓ |ordinary| packages/dalph/test/cassettes/scenario.test.ts > holds a delivery claim until the earlier operator control boundary completes 1ms
 ✓ |ordinary| packages/dalph/test/cassettes/scenario.test.ts > records both task fingerprints when Alice continues the exact attempt 495ms
 ✓ |ordinary| packages/dalph/test/cassettes/scenario.test.ts > records one atomic P1 to P2 replacement before ordinary clean successor work 364ms
 ✓ |ordinary| packages/dalph/test/cassettes/scenario.test.ts > reconstructs P2 after replacement and never allocates P3 268ms
 ✓ |ordinary| packages/dalph/test/cassettes/scenario.test.ts > records no P2 when fresh restart authority is changed, unreadable, or non-ready 710ms
 ✓ |ordinary| packages/dalph/test/cassettes/scenario.test.ts > cancels an admitted but unissued Resume when Restart wins, then starts only P2 349ms
 ✓ |ordinary| packages/dalph/test/cassettes/scenario.test.ts > cancels held Resume but records no P2 when the fresh Restart specification changed again 275ms
 ✓ |ordinary| packages/dalph/test/cassettes/scenario.test.ts > rejects Restart after integration without appending a choice or crossing another boundary 358ms
 ✓ |ordinary| packages/dalph/test/cassettes/scenario.test.ts > never claims the executor incorporated changed instructions 119ms
 ✓ |ordinary| packages/dalph/test/cassettes/scenario.test.ts > coalesces exact Continue redelivery and rejects request identity reuse 39ms
 ✓ |ordinary| packages/dalph/test/cassettes/scenario.test.ts > requires a new choice when instructions change again before continuation 293ms
 ✓ |ordinary| packages/dalph/test/cassettes/scenario.test.ts > lets the first journaled valid choice win a concurrent Continue and Stop race 386ms
 ✓ |ordinary| packages/dalph/test/cassettes/scenario.test.ts > reopens Continue and performs fresh reads before admitting the same attempt 53ms
 ✓ |ordinary| packages/dalph/test/cassettes/scenario.test.ts > releases only the freshly confirmed exact claim after Stop 250ms
 ✓ |ordinary| packages/dalph/test/cassettes/scenario.test.ts > proves the exact executor stopped before abandoning implementation responsibility 30ms
 ✓ |ordinary| packages/dalph/test/cassettes/scenario.test.ts > coalesces exact Stop redelivery and rejects request identity reuse 20ms
 ✓ |ordinary| packages/dalph/test/cassettes/scenario.test.ts > stops implementation without mutating an absent or foreign claim 429ms
 ✓ |ordinary| packages/dalph/test/cassettes/scenario.test.ts > preserves worktree WIP session history and evidence after Stop 23ms
 ✓ |ordinary| packages/dalph/test/cassettes/scenario.test.ts > reconciles ambiguous suspension and claim release across later activations without duplicates 608ms
 ✓ |ordinary| packages/dalph/test/cassettes/scenario.test.ts > cancels held Resume before Stop and preserves a foreign claim 285ms
 ✓ |ordinary| packages/dalph/test/cassettes/scenario.test.ts > preserves every exact attempt artifact after Stop cancels held Resume 32ms
 ✓ |ordinary| packages/dalph/test/cassettes/scenario.test.ts > uses the injected projection when the public Run entry reconstructs an ambiguous Suspend 27ms
 ✓ |ordinary| packages/dalph/test/cassettes/scenario.test.ts > rejects Continue and Stop after the exact integration cutoff 234ms
 ✓ |ordinary| packages/dalph/test/cassettes/scenario.test.ts > does not cross cleanup or integration boundaries for a stale direction 266ms
 ✓ |ordinary| packages/dalph/test/cassettes/scenario.test.ts > durably reconciles an unresolved claim release through bounded later activations 27ms
 ✓ |ordinary| packages/dalph/test/cassettes/scenario.test.ts > does not create a Pause view after Alice's stale task request is rejected 25ms
 ✓ |ordinary| packages/dalph/test/cassettes/scenario.test.ts > shows an incomplete control read without recording a direction 34ms
 ✓ |ordinary| packages/dalph/test/cassettes/scenario.test.ts > pauses A and its grouping child while recording only A's direction 262ms
 ✓ |ordinary| packages/dalph/test/cassettes/scenario.test.ts > lets independent B use capacity only after paused A confirms suspension 192ms
 ✓ |ordinary| packages/dalph/test/cassettes/scenario.test.ts > finishes an already-held integration boundary after task Pause without later cleanup 209ms
 ✓ |ordinary| packages/dalph/test/cassettes/scenario.test.ts > freshly rereads preserved task authorities before resuming after task Unpause 363ms
 ✓ |ordinary| packages/dalph/test/cassettes/scenario.test.ts > reopens after task Unpause and finishes suspension before executor work 209ms
 ✓ |ordinary| packages/dalph/test/cassettes/scenario.test.ts > stops before the next forward operation after Alice pauses the Run 116ms
 ✓ |ordinary| packages/dalph/test/cassettes/scenario.test.ts > cancelling Alice's Pause observation does not cancel delivery or authorize cleanup 80ms
 ✓ |ordinary| packages/dalph/test/cassettes/scenario.test.ts > Alice unpauses task A before its Pause observation confirms 507ms
 ✓ |ordinary| packages/dalph/test/cassettes/scenario.test.ts > Alice sees current grouping facts add D to task A's Pause 586ms
 ✓ |ordinary| packages/dalph/test/cassettes/scenario.test.ts > Alice sees task A and grouping child D reach their exact Pause boundaries 818ms
 ✓ |ordinary| packages/dalph/test/cassettes/scenario.test.ts > restarts a confirmed paused Run without selecting new forward progress 118ms
 ✓ |ordinary| packages/dalph/test/cassettes/scenario.test.ts > accepts successful recovered completion at the terminal assertion boundary 0ms
 ✓ |ordinary| packages/dalph/test/cassettes/scenario.test.ts > Dalph confirms A before a later graph read releases B 689ms
 ✓ |ordinary| packages/dalph/test/cassettes/scenario.test.ts > Dalph checks A after losing the tracker completion response 671ms
 ✓ |ordinary| packages/dalph/test/cassettes/scenario.test.ts > Restart keeps B blocked between A's success confirmation and the later graph 701ms
 ✓ |ordinary| packages/dalph/test/cassettes/scenario.test.ts > the fresh complete graph blocks before a later edit can release B 561ms
 ✓ |ordinary| packages/dalph/test/cassettes/scenario.test.ts > A tracker client changes A while Dalph's completion request is pending 480ms
 ✓ |ordinary| packages/dalph/test/cassettes/scenario.test.ts > rejects the completion conflict cassette when its terminal G2 response is omitted 454ms
 ✓ |ordinary| packages/dalph/test/cassettes/scenario.test.ts > finishes the exact safe suspension before fresh reads after Unpause 185ms
 ✓ |ordinary| packages/dalph/test/cassettes/scenario.test.ts > reprojects the exact suspension on the second ordinary Run activation without a duplicate command 1ms
 ✓ |ordinary| packages/dalph/test/cassettes/scenario.test.ts > applies an authored operator direction through the production control boundary 205ms
 ✓ |ordinary| packages/dalph/test/cassettes/scenario.test.ts > continues an accepted result after process death and crosses its integration cutoff once 13ms
 ✓ |ordinary| packages/dalph/test/cassettes/scenario.test.ts > projects exact integration order from typed delivery obligations 1ms
 ✓ |ordinary| packages/dalph/test/cassettes/scenario.test.ts > promotes Git-qualified M by exact compare-and-set and records exact ancestry 280ms
 ✓ |ordinary| packages/dalph/test/cassettes/scenario.test.ts > preserves the Git-qualified candidate and releases integration when a blocker appears before promotion 241ms
 ✓ |ordinary| packages/dalph/test/cassettes/scenario.test.ts > preserves the Integrator session and releases target ownership when a blocker appears before promotion 1ms
 ✓ |ordinary| packages/dalph/test/cassettes/scenario.test.ts > keeps an unfinished Integrator session dormant when a blocker appears after process loss 4ms
 ✓ |ordinary| packages/dalph/test/cassettes/scenario.test.ts > delegates changed H after a cleared blocker without reusing M or creating S2 258ms
 ✓ |ordinary| packages/dalph/test/cassettes/scenario.test.ts > promotes the preserved candidate after a blocker clears at unchanged H 305ms
 ✓ |ordinary| packages/dalph/test/cassettes/scenario.test.ts > restarts after a durable blocker read with the candidate and queue history intact 268ms
 ✓ |ordinary| packages/dalph/test/cassettes/scenario.test.ts > durably waits after an unreadable blocker restart read and resumes only on later complete facts 248ms
 ✓ |ordinary| packages/dalph/test/cassettes/scenario.test.ts > preserves promotion proof and releases target ownership before tracker completion on a new blocker 302ms
 ✓ |ordinary| packages/dalph/test/cassettes/scenario.test.ts > reconstructs a post-promotion blocker without repeating Git promotion 374ms
 ✓ |ordinary| packages/dalph/test/cassettes/scenario.test.ts > preserves accepted tracker completion when a prerequisite concurrently reopens 698ms
 ✓ |ordinary| packages/dalph/test/cassettes/scenario.test.ts > records completion finality after Git-qualified promotion history 248ms
 ✓ |ordinary| packages/dalph/test/cassettes/scenario.test.ts > settles a promoted authored task through the real completion-claim boundary 495ms
 ✓ |ordinary| packages/dalph/test/cassettes/scenario.test.ts > runs the five-task controlled-provider diamond through exact accepted-result finality 4522ms
 ✓ |ordinary| packages/dalph/test/cassettes/scenario.test.ts > proves promoted ancestry after the blocker clears and completes without reintegration 80ms
 ✓ |ordinary| packages/dalph/test/cassettes/scenario.test.ts > reconciles a lost promotion response and never sends a fourth request 312ms
 ✓ |ordinary| packages/dalph/test/cassettes/scenario.test.ts > records stale H2 and never overwrites it 251ms
 ✓ |ordinary| packages/dalph/test/cassettes/scenario.test.ts > records a rejected target compare-and-set as stale exact authority 254ms
 ✓ |ordinary| packages/dalph/test/cassettes/scenario.test.ts > discovers M in current target ancestry after losing the promotion response 279ms
 ✓ |ordinary| packages/dalph/test/cassettes/scenario.test.ts > keeps another target usable while M promotion waits and releases only M when it settles 40ms
 ✓ |ordinary| packages/dalph/test/cassettes/scenario.test.ts > waits without another request when Git cannot be read 26ms
 ✓ |ordinary| packages/dalph/test/cassettes/scenario.test.ts > rejects protocol cassettes with duplicate, missing, or unsettled participants 0ms
 ✓ |ordinary| packages/dalph/test/cassettes/scenario.test.ts > starts a queued accepted result in the same live coordinator process 185ms
 ✓ |ordinary| packages/dalph/test/cassettes/scenario.test.ts > releases B only after A's accepted-result finality in one Run 1123ms
 ✓ |ordinary| packages/dalph/test/cassettes/scenario.test.ts > captures every authored delivery frame from production and keeps desired tickets separate from held work 1064ms
 ✓ |ordinary| packages/dalph/test/cassettes/scenario.test.ts > notifies the read-only delivery observer before returning the terminal authored result 1088ms
 ✓ |ordinary| packages/dalph/test/cassettes/scenario.test.ts > reuses one delivery relation evaluation for the authored publication frame 1084ms
 ✓ |ordinary| packages/dalph/test/cassettes/scenario.test.ts > retains every conflicting production proposal owner in the delivery frame 1102ms
 ✓ |ordinary| packages/dalph/test/cassettes/scenario.test.ts > projects every isolated action-planning issue through its typed maintainer meaning 1197ms
 ✓ |ordinary| packages/dalph/test/cassettes/scenario.test.ts > separates delivery frames across authored coordinator activations 1ms
 ✓ |ordinary| packages/dalph/test/cassettes/scenario.test.ts > separates every coordinator activation while a lost claim-release response is reconciled 0ms
 ✓ |ordinary| packages/dalph/test/cassettes/scenario.test.ts > retains the exact paused quiescence disposition in production delivery frames 0ms
 ✓ |ordinary| packages/dalph/test/cassettes/scenario.test.ts > performs one final tracker read before the current bounded activation returns or terminates 130ms
 ✓ |ordinary| packages/dalph/test/cassettes/scenario.test.ts > re-enters the same Run and activates it after quiescent incomplete return 131ms
 ✓ |ordinary| packages/dalph/test/cassettes/scenario.test.ts > gives newly begun and reconstructed Runs the same one-shot finality path 206ms
 ✓ |ordinary| packages/dalph/test/cassettes/scenario.test.ts > an invalid quiescent refresh authorizes no new work 74ms
 ✓ |ordinary| packages/dalph/test/cassettes/scenario.test.ts > an incomplete quiescent refresh authorizes no new work 75ms
 ✓ |ordinary| packages/dalph/test/cassettes/scenario.test.ts > later complete reads add newly selected D and keep removed unstarted C from responsibility 174ms
 ✓ |ordinary| packages/dalph/test/cassettes/scenario.test.ts > runs the maintained singleton through production activation and describes only its task-work result 1ms
 ✓ |ordinary| packages/dalph/test/cassettes/scenario.test.ts > keeps the maintained singleton Run active while its tracker task remains open 1ms
 ✓ |ordinary| packages/dalph/test/cassettes/scenario.test.ts > assigns a fresh exact run identity each time the same tracker target starts 188ms
 ✓ |ordinary| packages/dalph/test/cassettes/scenario.test.ts > runs another story with a different initial task-execution capacity 83ms
 ✓ |ordinary| packages/dalph/test/cassettes/scenario.test.ts > requires one terminal assertion group and one owner for every decoded story item 6ms
 ✓ |ordinary| packages/dalph/test/cassettes/scenario.test.ts > lowers capacity while A holds a position and admits B only after A releases it 1080ms
 ✓ |ordinary| packages/dalph/test/cassettes/scenario.test.ts > retains both executing holders until terminal observations release contracted capacity 436ms
 ✓ |ordinary| packages/dalph/test/cassettes/scenario.test.ts > safely suspends A after membership removal while independent B continues, including external success 818ms
 ✓ |ordinary| packages/dalph/test/cassettes/scenario.test.ts > rejects cassette-local contradictions and leaves an authority mismatch to its ordinary boundary 833ms
 ✓ |ordinary| packages/dalph/test/cassettes/scenario.test.ts > reports mismatches through the surface that owns the current story item 1343ms
 ✓ |ordinary| packages/dalph/test/cassettes/scenario.test.ts > rejects a contradictory coordinator activation return decision 332ms
 ✓ |ordinary| packages/dalph/test/cassettes/scenario.test.ts > derives failed task-work results and safely suspended orchestration evidence from recorded handling 183ms
 ✓ |ordinary| packages/dalph/test/cassettes/scenario.test.ts > records a foreign claim after process death and safely suspends only its exact attempt 67ms
 ✓ |ordinary| packages/dalph/test/cassettes/scenario.test.ts > drives a public operator claim-reacquisition request through a later activation 368ms
 ✓ |ordinary| packages/dalph/test/cassettes/scenario.test.ts > records a foreign reacquisition rejection and never retries it after the next activation 232ms
 ✓ |ordinary| packages/dalph/test/cassettes/scenario.test.ts > records a lost planned worktree in the authored and recorded post-death cassette 199ms
 ✓ |ordinary| packages/dalph/test/cassettes/scenario.test.ts > records compatible target advancement and isolates a proven target rewrite in maintained cassettes 507ms
 ✓ |ordinary| packages/dalph/test/cassettes/scenario.test.ts > reconciles the same Run and attempt after typed cassette death without another Begin 139ms
 ✓ |ordinary| packages/dalph/test/cassettes/scenario.test.ts > rejects missing, stale, later, and wrong-attempt continuation witnesses before executor contact 26ms
 ✓ |ordinary| packages/dalph/test/cassettes/scenario.test.ts > rejects forged continuation authorization during journal reconstruction 73ms
 ✓ |ordinary| packages/dalph/test/cassettes/scenario.test.ts > fails typed expected-behavior assertions and renders the applied capacity item 109ms
 ✓ |ordinary| packages/dalph/test/cassettes/scenario.test.ts > matches optional orchestration and protocol evidence in exact order 97ms
 ✓ |ordinary| packages/dalph/test/cassettes/scenario.test.ts > requires orchestration evidence when task-work results cannot distinguish attempts 1ms
 ✓ |ordinary| packages/dalph/test/cassettes/scenario.test.ts > rejects missing, reordered, or additional evidence within either present authored assertion lens 467ms
 ✓ |ordinary| packages/dalph/test/cassettes/scenario.test.ts > rejects no-work-undertaken when Dalph assumed executor-work responsibility for that task 82ms
 ✓ |ordinary| packages/dalph/test/cassettes/scenario.test.ts > keeps explicit story interactions chronological when lower-level evidence is omitted 8ms
 ✓ |ordinary| packages/dalph/test/cassettes/scenario.test.ts > projects every occurrence and checks state, history, position, and selection after every non-empty prefix 14ms
 ✓ |ordinary| packages/dalph/test/cassettes/scenario.test.ts > alpha-renames every Dalph-generated identity and preserves tracker revisions, task revisions, and Git SHAs 1383ms
 ✓ |ordinary| packages/dalph/test/cassettes/scenario.test.ts > renames and renders every contradictory planned-worktree observation distinctly 2ms
 ✓ |ordinary| packages/dalph/test/cassettes/scenario.test.ts > rejects identity renaming that repeats a source or destination 0ms
 ✓ |ordinary| packages/dalph/test/cassettes/scenario.test.ts > has no recording for an empty unidentified journal 39ms
 ✓ |ordinary| packages/dalph/test/cassettes/scenario.test.ts > rejects responsibility and ExecutorWorkExecuting before worktree readiness even when later entries match 141ms
 ✓ |ordinary| packages/dalph/test/cassettes/scenario.test.ts > renders a recorded applied operator direction from its structured occurrence 6ms
 ✓ |ordinary| packages/dalph/test/cassettes/scenario.test.ts > labels the 100-task four-read encoding experiment as a baseline 844ms
 ✓ |ordinary| packages/dalph/test/cassettes/scenario.test.ts > rejects unclosed, unbounded, and misordered integration-finality protocol stories 1ms
 ✓ |ordinary| packages/dalph/test/cassettes/scenario.test.ts > rejects promoted finality replay without each exact causal premise 262ms
 ✓ |ordinary| packages/dalph/test/cassettes/scenario.test.ts > keeps an empty frontier active while claim replacement is non-convergent 283ms
 ✓ |ordinary| packages/dalph/test/cassettes/scenario.test.ts > replays definite completion-claim boundary rejections as terminal typed failures 937ms
 ✓ |ordinary| packages/dalph/test/cassettes/scenario.test.ts > replaces the exact active claim with a promotion-bound completion claim 468ms
 ✓ |ordinary| packages/dalph/test/cassettes/scenario.test.ts > restart after promotion resumes completion settlement without another integration agent 492ms
 ✓ |ordinary| packages/dalph/test/cassettes/scenario.test.ts > reconciles a lost completion-claim replacement without allocating another claim 559ms
 ✓ |ordinary| packages/dalph/test/cassettes/scenario.test.ts > does not mutate a foreign claim while settling a promoted task 468ms
 ✓ |ordinary| packages/dalph/test/cassettes/scenario.test.ts > deletes only the exact completion claim after focused task success 487ms
 ✓ |ordinary| packages/dalph/test/cassettes/scenario.test.ts > reconciles a lost completion-claim deletion without reopening success 513ms
 ✓ |ordinary| packages/dalph/test/cassettes/scenario.test.ts > reconstructs and round-trips interrupted and settled completion-cleanup Run prefixes 575ms
 ✓ |ordinary| packages/dalph/test/cassettes/scenario.test.ts > waits without replacing when the current completion claim cannot be read 472ms
 ✓ |ordinary| packages/dalph/test/cassettes/scenario.test.ts > keeps successful work final when the completion claim cannot be read before deletion 479ms
 ✓ |ordinary| packages/dalph/test/cassettes/scenario.test.ts > keeps successful work final when completion-claim deletion cannot converge 499ms
 ✓ |ordinary| packages/dalph/test/cassettes/scenario.test.ts > does not terminate an empty frontier while completion settlement is pending 508ms
 ✓ |ordinary| packages/dalph/test/cassettes/scenario.test.ts > round-trips guidance metadata and refuses uncertainty without intent 27ms
 ✓ |ordinary| packages/dalph/test/cassettes/run-cancellation.test.ts > cancels an idle Run after the durable direction and fresh graph read 247ms
 ✓ |ordinary| packages/dalph/test/cassettes/run-cancellation.test.ts > cancels a running exact attempt through suspension, claim release, and fresh classification 320ms
 ✓ |ordinary| packages/dalph/test/cassettes/run-cancellation.test.ts > cancels after admitted integration settles without rollback or replacement 1121ms
 ✓ |ordinary| packages/dalph/test/cassettes/run-cancellation.test.ts > cancels a running exact attempt without releasing a foreign claim 218ms
 ✓ |ordinary| packages/dalph/test/cassettes/run-cancellation.test.ts > re-enters once after an unacknowledged cancellation termination append 12ms

 Test Files  3 passed (3)
      Tests  147 passed | 3 skipped (150)
   Start at  03:11:23
   Duration  66.43s (transform 800ms, setup 0ms, import 4.38s, tests 61.72s, environment 0ms)

JSON report written to /tmp/issue-501-qualification/readiness-focused-repair.json
